07:26:59 **** Build of configuration Debug for project TRIPLE_ADC ****
make -j12 all 
arm-none-eabi-gcc -mcpu=cortex-m4 -g3 -DDEBUG -DARM_MATH_CM4 -DSTM32F407xx -D__FPU_PRESENT -c -x assembler-with-cpp -MMD -MP -MF"Startup/startup_stm32f407vgtx.d" -MT"Startup/startup_stm32f407vgtx.o" --specs=nano.specs -mfpu=fpv4-sp-d16 -mfloat-abi=hard -mthumb -o "Startup/startup_stm32f407vgtx.o" "../Startup/startup_stm32f407vgtx.s"
arm-none-eabi-gcc "../Src/adc.c" -mcpu=cortex-m4 -std=gnu11 -g3 -DDEBUG -DSTM32 -DSTM32F407G_DISC1 -DSTM32F4 -DSTM32F407VGTx -DARM_MATH_CM4 -DSTM32F407xx -c -I../Inc -I"D:/PROJECTS/Git/STM32f407_ADC_Triple_Mode-Regular_Simultaneous_Mode/TRIPLE_ADC/chip_headers/Drivers/CMSIS/Device/ST/STM32F4xx/Include" -I"D:/PROJECTS/Git/STM32f407_ADC_Triple_Mode-Regular_Simultaneous_Mode/TRIPLE_ADC/chip_headers/Drivers/CMSIS/Include" -I"D:/PROJECTS/Git/STM32f407_ADC_Triple_Mode-Regular_Simultaneous_Mode/TRIPLE_ADC/chip_headers/Drivers/CMSIS/DSP/Include" -I"D:/PROJECTS/Git/STM32f407_ADC_Triple_Mode-Regular_Simultaneous_Mode/TRIPLE_ADC/chip_headers/Drivers/CMSIS/DSP/PrivateInclude" -O0 -ffunction-sections -fdata-sections -Wall -fstack-usage -fcyclomatic-complexity -MMD -MP -MF"Src/adc.d" -MT"Src/adc.o" --specs=nano.specs -mfpu=fpv4-sp-d16 -mfloat-abi=hard -mthumb -o "Src/adc.o"
arm-none-eabi-gcc "../Src/clock.c" -mcpu=cortex-m4 -std=gnu11 -g3 -DDEBUG -DSTM32 -DSTM32F407G_DISC1 -DSTM32F4 -DSTM32F407VGTx -DARM_MATH_CM4 -DSTM32F407xx -c -I../Inc -I"D:/PROJECTS/Git/STM32f407_ADC_Triple_Mode-Regular_Simultaneous_Mode/TRIPLE_ADC/chip_headers/Drivers/CMSIS/Device/ST/STM32F4xx/Include" -I"D:/PROJECTS/Git/STM32f407_ADC_Triple_Mode-Regular_Simultaneous_Mode/TRIPLE_ADC/chip_headers/Drivers/CMSIS/Include" -I"D:/PROJECTS/Git/STM32f407_ADC_Triple_Mode-Regular_Simultaneous_Mode/TRIPLE_ADC/chip_headers/Drivers/CMSIS/DSP/Include" -I"D:/PROJECTS/Git/STM32f407_ADC_Triple_Mode-Regular_Simultaneous_Mode/TRIPLE_ADC/chip_headers/Drivers/CMSIS/DSP/PrivateInclude" -O0 -ffunction-sections -fdata-sections -Wall -fstack-usage -fcyclomatic-complexity -MMD -MP -MF"Src/clock.d" -MT"Src/clock.o" --specs=nano.specs -mfpu=fpv4-sp-d16 -mfloat-abi=hard -mthumb -o "Src/clock.o"
arm-none-eabi-gcc "../Src/main.c" -mcpu=cortex-m4 -std=gnu11 -g3 -DDEBUG -DSTM32 -DSTM32F407G_DISC1 -DSTM32F4 -DSTM32F407VGTx -DARM_MATH_CM4 -DSTM32F407xx -c -I../Inc -I"D:/PROJECTS/Git/STM32f407_ADC_Triple_Mode-Regular_Simultaneous_Mode/TRIPLE_ADC/chip_headers/Drivers/CMSIS/Device/ST/STM32F4xx/Include" -I"D:/PROJECTS/Git/STM32f407_ADC_Triple_Mode-Regular_Simultaneous_Mode/TRIPLE_ADC/chip_headers/Drivers/CMSIS/Include" -I"D:/PROJECTS/Git/STM32f407_ADC_Triple_Mode-Regular_Simultaneous_Mode/TRIPLE_ADC/chip_headers/Drivers/CMSIS/DSP/Include" -I"D:/PROJECTS/Git/STM32f407_ADC_Triple_Mode-Regular_Simultaneous_Mode/TRIPLE_ADC/chip_headers/Drivers/CMSIS/DSP/PrivateInclude" -O0 -ffunction-sections -fdata-sections -Wall -fstack-usage -fcyclomatic-complexity -MMD -MP -MF"Src/main.d" -MT"Src/main.o" --specs=nano.specs -mfpu=fpv4-sp-d16 -mfloat-abi=hard -mthumb -o "Src/main.o"
arm-none-eabi-gcc "../Src/syscalls.c" -mcpu=cortex-m4 -std=gnu11 -g3 -DDEBUG -DSTM32 -DSTM32F407G_DISC1 -DSTM32F4 -DSTM32F407VGTx -DARM_MATH_CM4 -DSTM32F407xx -c -I../Inc -I"D:/PROJECTS/Git/STM32f407_ADC_Triple_Mode-Regular_Simultaneous_Mode/TRIPLE_ADC/chip_headers/Drivers/CMSIS/Device/ST/STM32F4xx/Include" -I"D:/PROJECTS/Git/STM32f407_ADC_Triple_Mode-Regular_Simultaneous_Mode/TRIPLE_ADC/chip_headers/Drivers/CMSIS/Include" -I"D:/PROJECTS/Git/STM32f407_ADC_Triple_Mode-Regular_Simultaneous_Mode/TRIPLE_ADC/chip_headers/Drivers/CMSIS/DSP/Include" -I"D:/PROJECTS/Git/STM32f407_ADC_Triple_Mode-Regular_Simultaneous_Mode/TRIPLE_ADC/chip_headers/Drivers/CMSIS/DSP/PrivateInclude" -O0 -ffunction-sections -fdata-sections -Wall -fstack-usage -fcyclomatic-complexity -MMD -MP -MF"Src/syscalls.d" -MT"Src/syscalls.o" --specs=nano.specs -mfpu=fpv4-sp-d16 -mfloat-abi=hard -mthumb -o "Src/syscalls.o"
arm-none-eabi-gcc "../Src/sysmem.c" -mcpu=cortex-m4 -std=gnu11 -g3 -DDEBUG -DSTM32 -DSTM32F407G_DISC1 -DSTM32F4 -DSTM32F407VGTx -DARM_MATH_CM4 -DSTM32F407xx -c -I../Inc -I"D:/PROJECTS/Git/STM32f407_ADC_Triple_Mode-Regular_Simultaneous_Mode/TRIPLE_ADC/chip_headers/Drivers/CMSIS/Device/ST/STM32F4xx/Include" -I"D:/PROJECTS/Git/STM32f407_ADC_Triple_Mode-Regular_Simultaneous_Mode/TRIPLE_ADC/chip_headers/Drivers/CMSIS/Include" -I"D:/PROJECTS/Git/STM32f407_ADC_Triple_Mode-Regular_Simultaneous_Mode/TRIPLE_ADC/chip_headers/Drivers/CMSIS/DSP/Include" -I"D:/PROJECTS/Git/STM32f407_ADC_Triple_Mode-Regular_Simultaneous_Mode/TRIPLE_ADC/chip_headers/Drivers/CMSIS/DSP/PrivateInclude" -O0 -ffunction-sections -fdata-sections -Wall -fstack-usage -fcyclomatic-complexity -MMD -MP -MF"Src/sysmem.d" -MT"Src/sysmem.o" --specs=nano.specs -mfpu=fpv4-sp-d16 -mfloat-abi=hard -mthumb -o "Src/sysmem.o"
arm-none-eabi-gcc -o "TRIPLE_ADC.elf" @"objects.list"   -mcpu=cortex-m4 -T"D:\PROJECTS\Git\STM32f407_ADC_Triple_Mode-Regular_Simultaneous_Mode\TRIPLE_ADC\STM32F407VGTX_FLASH.ld" --specs=nosys.specs -Wl,-Map="TRIPLE_ADC.map" -Wl,--gc-sections -static --specs=nano.specs -mfpu=fpv4-sp-d16 -mfloat-abi=hard -mthumb -Wl,--start-group -lc -lm -Wl,--end-group
Finished building target: TRIPLE_ADC.elf
 
arm-none-eabi-size  TRIPLE_ADC.elf 
arm-none-eabi-objdump -h -S TRIPLE_ADC.elf  > "TRIPLE_ADC.list"
   text	   data	    bss	    dec	    hex	filename
   1604	      0	   1584	   3188	    c74	TRIPLE_ADC.elf
Finished building: default.size.stdout
 
Finished building: TRIPLE_ADC.list
 
07:27:35 **** Incremental Build of configuration Debug for project TRIPLE_ADC ****
make -j12 all 
arm-none-eabi-size  TRIPLE_ADC.elf 
   text	   data	    bss	    dec	    hex	filename
   1604	      0	   1584	   3188	    c74	TRIPLE_ADC.elf
Finished building: default.size.stdout
 
07:28:12 **** Incremental Build of configuration Debug for project TRIPLE_ADC ****
make -j12 all 
arm-none-eabi-size  TRIPLE_ADC.elf 
   text	   data	    bss	    dec	    hex	filename
   1604	      0	   1584	   3188	    c74	TRIPLE_ADC.elf
Finished building: default.size.stdout
 
07:29:42 **** Clean-only build of configuration Debug for project FSR ****
make -j12 clean 
rm -rf ./Startup/startup_stm32f407vgtx.d ./Startup/startup_stm32f407vgtx.o
rm -rf ./Src/adc.cyclo ./Src/adc.d ./Src/adc.o ./Src/adc.su ./Src/clock.cyclo ./Src/clock.d ./Src/clock.o ./Src/clock.su ./Src/delayms.cyclo ./Src/delayms.d ./Src/delayms.o ./Src/delayms.su ./Src/main.cyclo ./Src/main.d ./Src/main.o ./Src/main.su ./Src/syscalls.cyclo ./Src/syscalls.d ./Src/syscalls.o ./Src/syscalls.su ./Src/sysmem.cyclo ./Src/sysmem.d ./Src/sysmem.o ./Src/sysmem.su ./Src/uart2.cyclo ./Src/uart2.d ./Src/uart2.o ./Src/uart2.su
rm -rf FSR.elf FSR.list FSR.map default.size.stdout
 
07:29:42 **** Build of configuration Debug for project FSR ****
make -j12 all 
arm-none-eabi-gcc -mcpu=cortex-m4 -g3 -DDEBUG -DARM_MATH_CM4 -DSTM32F407xx -D__FPU_PRESENT -c -x assembler-with-cpp -MMD -MP -MF"Startup/startup_stm32f407vgtx.d" -MT"Startup/startup_stm32f407vgtx.o" --specs=nano.specs -mfpu=fpv4-sp-d16 -mfloat-abi=hard -mthumb -o "Startup/startup_stm32f407vgtx.o" "../Startup/startup_stm32f407vgtx.s"
arm-none-eabi-gcc "../Src/adc.c" -mcpu=cortex-m4 -std=gnu11 -g3 -DDEBUG -DSTM32 -DSTM32F407G_DISC1 -DSTM32F4 -DSTM32F407VGTx -DARM_MATH_CM4 -DSTM32F407xx -c -I../Inc -I"D:/PROJECTS/Git/HMI_MODEL_PROTHESIS_ARM/STM workspace/FSR/chip_headers/Drivers/CMSIS/Device/ST/STM32F4xx/Include" -I"D:/PROJECTS/Git/HMI_MODEL_PROTHESIS_ARM/STM workspace/FSR/chip_headers/Drivers/CMSIS/Include" -I"D:/PROJECTS/Git/HMI_MODEL_PROTHESIS_ARM/STM workspace/FSR/chip_headers/Drivers/CMSIS/DSP/Include" -I"D:/PROJECTS/Git/HMI_MODEL_PROTHESIS_ARM/STM workspace/FSR/chip_headers/Drivers/CMSIS/DSP/PrivateInclude" -O0 -ffunction-sections -fdata-sections -Wall -fstack-usage -fcyclomatic-complexity -MMD -MP -MF"Src/adc.d" -MT"Src/adc.o" --specs=nano.specs -mfpu=fpv4-sp-d16 -mfloat-abi=hard -mthumb -o "Src/adc.o"
arm-none-eabi-gcc "../Src/clock.c" -mcpu=cortex-m4 -std=gnu11 -g3 -DDEBUG -DSTM32 -DSTM32F407G_DISC1 -DSTM32F4 -DSTM32F407VGTx -DARM_MATH_CM4 -DSTM32F407xx -c -I../Inc -I"D:/PROJECTS/Git/HMI_MODEL_PROTHESIS_ARM/STM workspace/FSR/chip_headers/Drivers/CMSIS/Device/ST/STM32F4xx/Include" -I"D:/PROJECTS/Git/HMI_MODEL_PROTHESIS_ARM/STM workspace/FSR/chip_headers/Drivers/CMSIS/Include" -I"D:/PROJECTS/Git/HMI_MODEL_PROTHESIS_ARM/STM workspace/FSR/chip_headers/Drivers/CMSIS/DSP/Include" -I"D:/PROJECTS/Git/HMI_MODEL_PROTHESIS_ARM/STM workspace/FSR/chip_headers/Drivers/CMSIS/DSP/PrivateInclude" -O0 -ffunction-sections -fdata-sections -Wall -fstack-usage -fcyclomatic-complexity -MMD -MP -MF"Src/clock.d" -MT"Src/clock.o" --specs=nano.specs -mfpu=fpv4-sp-d16 -mfloat-abi=hard -mthumb -o "Src/clock.o"
arm-none-eabi-gcc "../Src/delayms.c" -mcpu=cortex-m4 -std=gnu11 -g3 -DDEBUG -DSTM32 -DSTM32F407G_DISC1 -DSTM32F4 -DSTM32F407VGTx -DARM_MATH_CM4 -DSTM32F407xx -c -I../Inc -I"D:/PROJECTS/Git/HMI_MODEL_PROTHESIS_ARM/STM workspace/FSR/chip_headers/Drivers/CMSIS/Device/ST/STM32F4xx/Include" -I"D:/PROJECTS/Git/HMI_MODEL_PROTHESIS_ARM/STM workspace/FSR/chip_headers/Drivers/CMSIS/Include" -I"D:/PROJECTS/Git/HMI_MODEL_PROTHESIS_ARM/STM workspace/FSR/chip_headers/Drivers/CMSIS/DSP/Include" -I"D:/PROJECTS/Git/HMI_MODEL_PROTHESIS_ARM/STM workspace/FSR/chip_headers/Drivers/CMSIS/DSP/PrivateInclude" -O0 -ffunction-sections -fdata-sections -Wall -fstack-usage -fcyclomatic-complexity -MMD -MP -MF"Src/delayms.d" -MT"Src/delayms.o" --specs=nano.specs -mfpu=fpv4-sp-d16 -mfloat-abi=hard -mthumb -o "Src/delayms.o"
arm-none-eabi-gcc "../Src/main.c" -mcpu=cortex-m4 -std=gnu11 -g3 -DDEBUG -DSTM32 -DSTM32F407G_DISC1 -DSTM32F4 -DSTM32F407VGTx -DARM_MATH_CM4 -DSTM32F407xx -c -I../Inc -I"D:/PROJECTS/Git/HMI_MODEL_PROTHESIS_ARM/STM workspace/FSR/chip_headers/Drivers/CMSIS/Device/ST/STM32F4xx/Include" -I"D:/PROJECTS/Git/HMI_MODEL_PROTHESIS_ARM/STM workspace/FSR/chip_headers/Drivers/CMSIS/Include" -I"D:/PROJECTS/Git/HMI_MODEL_PROTHESIS_ARM/STM workspace/FSR/chip_headers/Drivers/CMSIS/DSP/Include" -I"D:/PROJECTS/Git/HMI_MODEL_PROTHESIS_ARM/STM workspace/FSR/chip_headers/Drivers/CMSIS/DSP/PrivateInclude" -O0 -ffunction-sections -fdata-sections -Wall -fstack-usage -fcyclomatic-complexity -MMD -MP -MF"Src/main.d" -MT"Src/main.o" --specs=nano.specs -mfpu=fpv4-sp-d16 -mfloat-abi=hard -mthumb -o "Src/main.o"
arm-none-eabi-gcc "../Src/syscalls.c" -mcpu=cortex-m4 -std=gnu11 -g3 -DDEBUG -DSTM32 -DSTM32F407G_DISC1 -DSTM32F4 -DSTM32F407VGTx -DARM_MATH_CM4 -DSTM32F407xx -c -I../Inc -I"D:/PROJECTS/Git/HMI_MODEL_PROTHESIS_ARM/STM workspace/FSR/chip_headers/Drivers/CMSIS/Device/ST/STM32F4xx/Include" -I"D:/PROJECTS/Git/HMI_MODEL_PROTHESIS_ARM/STM workspace/FSR/chip_headers/Drivers/CMSIS/Include" -I"D:/PROJECTS/Git/HMI_MODEL_PROTHESIS_ARM/STM workspace/FSR/chip_headers/Drivers/CMSIS/DSP/Include" -I"D:/PROJECTS/Git/HMI_MODEL_PROTHESIS_ARM/STM workspace/FSR/chip_headers/Drivers/CMSIS/DSP/PrivateInclude" -O0 -ffunction-sections -fdata-sections -Wall -fstack-usage -fcyclomatic-complexity -MMD -MP -MF"Src/syscalls.d" -MT"Src/syscalls.o" --specs=nano.specs -mfpu=fpv4-sp-d16 -mfloat-abi=hard -mthumb -o "Src/syscalls.o"
arm-none-eabi-gcc "../Src/sysmem.c" -mcpu=cortex-m4 -std=gnu11 -g3 -DDEBUG -DSTM32 -DSTM32F407G_DISC1 -DSTM32F4 -DSTM32F407VGTx -DARM_MATH_CM4 -DSTM32F407xx -c -I../Inc -I"D:/PROJECTS/Git/HMI_MODEL_PROTHESIS_ARM/STM workspace/FSR/chip_headers/Drivers/CMSIS/Device/ST/STM32F4xx/Include" -I"D:/PROJECTS/Git/HMI_MODEL_PROTHESIS_ARM/STM workspace/FSR/chip_headers/Drivers/CMSIS/Include" -I"D:/PROJECTS/Git/HMI_MODEL_PROTHESIS_ARM/STM workspace/FSR/chip_headers/Drivers/CMSIS/DSP/Include" -I"D:/PROJECTS/Git/HMI_MODEL_PROTHESIS_ARM/STM workspace/FSR/chip_headers/Drivers/CMSIS/DSP/PrivateInclude" -O0 -ffunction-sections -fdata-sections -Wall -fstack-usage -fcyclomatic-complexity -MMD -MP -MF"Src/sysmem.d" -MT"Src/sysmem.o" --specs=nano.specs -mfpu=fpv4-sp-d16 -mfloat-abi=hard -mthumb -o "Src/sysmem.o"
arm-none-eabi-gcc "../Src/uart2.c" -mcpu=cortex-m4 -std=gnu11 -g3 -DDEBUG -DSTM32 -DSTM32F407G_DISC1 -DSTM32F4 -DSTM32F407VGTx -DARM_MATH_CM4 -DSTM32F407xx -c -I../Inc -I"D:/PROJECTS/Git/HMI_MODEL_PROTHESIS_ARM/STM workspace/FSR/chip_headers/Drivers/CMSIS/Device/ST/STM32F4xx/Include" -I"D:/PROJECTS/Git/HMI_MODEL_PROTHESIS_ARM/STM workspace/FSR/chip_headers/Drivers/CMSIS/Include" -I"D:/PROJECTS/Git/HMI_MODEL_PROTHESIS_ARM/STM workspace/FSR/chip_headers/Drivers/CMSIS/DSP/Include" -I"D:/PROJECTS/Git/HMI_MODEL_PROTHESIS_ARM/STM workspace/FSR/chip_headers/Drivers/CMSIS/DSP/PrivateInclude" -O0 -ffunction-sections -fdata-sections -Wall -fstack-usage -fcyclomatic-complexity -MMD -MP -MF"Src/uart2.d" -MT"Src/uart2.o" --specs=nano.specs -mfpu=fpv4-sp-d16 -mfloat-abi=hard -mthumb -o "Src/uart2.o"
arm-none-eabi-gcc -o "FSR.elf" @"objects.list"   -mcpu=cortex-m4 -T"D:\PROJECTS\Git\HMI_MODEL_PROTHESIS_ARM\STM workspace\FSR\STM32F407VGTX_FLASH.ld" --specs=nosys.specs -Wl,-Map="FSR.map" -Wl,--gc-sections -static --specs=nano.specs -mfpu=fpv4-sp-d16 -mfloat-abi=hard -mthumb -Wl,--start-group -lc -lm -Wl,--end-group
Finished building target: FSR.elf
 
arm-none-eabi-size  FSR.elf 
arm-none-eabi-objdump -h -S FSR.elf  > "FSR.list"
   text	   data	    bss	    dec	    hex	filename
   1604	      0	   1584	   3188	    c74	FSR.elf
Finished building: default.size.stdout
 
Finished building: FSR.list
 
07:32:29 **** Incremental Build of configuration Debug for project FSR ****
make -j12 all 
arm-none-eabi-size  FSR.elf 
   text	   data	    bss	    dec	    hex	filename
   1604	      0	   1584	   3188	    c74	FSR.elf
Finished building: default.size.stdout
 
